// Jest Snapshot v1, https://goo.gl/fbAQLP

exports[`Table should render correctly 1`] = `
<DocumentFragment>
  <div
    class="sc-AxjAm sc-AxhCb jhFSQy"
  >
    <div
      class="sc-AxjAm sc-AxirZ iGwWVY"
    >
      <div
        class="sc-AxjAm sc-AxiKw sc-AxhUy gmDDPU"
      >
        id
      </div>
      <div
        class="sc-AxjAm sc-AxiKw sc-AxhUy gmDDPU"
      >
        name
      </div>
      <div
        class="sc-AxjAm sc-AxiKw sc-AxhUy gmDDPU"
      >
        life_span
      </div>
    </div>
  </div>
</DocumentFragment>
`;
